../LWIP/Target/ethernetif.c:142:13:low_level_init	24	static
../LWIP/Target/ethernetif.c:242:14:low_level_output	80	static
../LWIP/Target/ethernetif.c:289:22:low_level_input	24	static
../LWIP/Target/ethernetif.c:310:6:ethernetif_input	24	static
../LWIP/Target/ethernetif.c:360:7:ethernetif_init	16	static
../LWIP/Target/ethernetif.c:411:6:pbuf_free_custom	24	static
../LWIP/Target/ethernetif.c:433:7:sys_now	8	static
../LWIP/Target/ethernetif.c:446:6:HAL_ETH_MspInit	64	static
../LWIP/Target/ethernetif.c:498:6:HAL_ETH_MspDeInit	16	static
../LWIP/Target/ethernetif.c:539:9:ETH_PHY_IO_Init	8	static
../LWIP/Target/ethernetif.c:556:9:ETH_PHY_IO_DeInit	4	static
../LWIP/Target/ethernetif.c:568:9:ETH_PHY_IO_ReadReg	24	static
../LWIP/Target/ethernetif.c:585:9:ETH_PHY_IO_WriteReg	24	static
../LWIP/Target/ethernetif.c:599:9:ETH_PHY_IO_GetTick	8	static
../LWIP/Target/ethernetif.c:608:6:ethernet_link_check_state	136	static
../LWIP/Target/ethernetif.c:665:6:HAL_ETH_RxAllocateCallback	32	static
../LWIP/Target/ethernetif.c:687:6:HAL_ETH_RxLinkCallback	40	static
../LWIP/Target/ethernetif.c:724:6:HAL_ETH_TxFreeCallback	16	static
